node.exe :  鈿?Invalid next.config.ts options detected: 
所在位置 行:1 字符: 1
+ & "E:\Program Files\nodejs/node.exe" "E:\Program Files\nodejs/node_mo ...
+ ~~~~~~~~~~~~~~~~~~~~~~~~~~~~~~~~~~~~~~~~~~~~~~~~~~~~~~~~~~~~~~~~~~~~~
    + CategoryInfo          : NotSpecified: ( 鈿?Invalid next...ions detected:  
   :String) [], RemoteException
    + FullyQualifiedErrorId : NativeCommandError
 
 鈿?    Unrecognized key(s) in object: 'devIndicator'
 鈿?See more info here: https://nextjs.org/docs/messages/invalid-next-config
   鈻?Next.js 15.5.15
   - Environments: .env

   Creating an optimized production build ...
 鉁?Compiled successfully in 9.6s
   Linting and checking validity of types ...

./app/api/agent/resumes/[id]/sections/route.ts
22:34  Warning: Unexpected any. Specify a different type.  @typescript-eslint/no-explicit-any

./app/api/agent/resumes/[id]/sections/[sectionKey]/route.ts
22:35  Warning: Unexpected any. Specify a different type.  @typescript-eslint/no-explicit-any

./app/[locale]/(protected)/resumes/page.tsx
9:10  Warning: 'MoreHorizontal' is defined but never used.  @typescript-eslint/no-unused-vars

./app/[locale]/(protected)/resumes/[id]/edit/page.tsx
9:3  Warning: 'EducationItem' is defined but never used.  @typescript-eslint/no-unused-vars
10:3  Warning: 'WorkExperienceItem' is defined but never used.  @typescript-eslint/no-unused-vars
11:3  Warning: 'ProjectItem' is defined but never used.  @typescript-eslint/no-unused-vars
12:3  Warning: 'SkillCategory' is defined but never used.  @typescript-eslint/no-unused-vars
13:3  Warning: 'CertificateItem' is defined but never used.  @typescript-eslint/no-unused-vars
14:3  Warning: 'OpenSourceItem' is defined but never used.  @typescript-eslint/no-unused-vars
15:3  Warning: 'CustomSectionItem' is defined but never used.  @typescript-eslint/no-unused-vars

./app/[locale]/(protected)/resumes/[id]/patches/page.tsx
13:14  Warning: Unexpected any. Specify a different type.  @typescript-eslint/no-explicit-any

./components/ui/button.tsx
43:58  Warning: Unexpected any. Specify a different type.  @typescript-eslint/no-explicit-any

./lib/resume-renderer.ts
543:9  Warning: 'light' is assigned a value but never used.  @typescript-eslint/no-unused-vars

info  - Need to disable some ESLint rules? Learn more here: https://nextjs.org/docs/app/api-reference/config/eslint#disabling-rules
   Collecting page data ...
   Generating static pages (0/19) ...
   Generating static pages (4/19) 
   Generating static pages (9/19) 
   Generating static pages (14/19) 
 鉁?Generating static pages (19/19)
   Finalizing page optimization ...
   Collecting build traces ...

Route (app)                                                  Size  First Load JS
鈹?鈼?/_not-found                                             997 B         103 kB
鈹?茠 /[locale]                                               166 B         119 kB
鈹?茠 /[locale]/admin                                       2.29 kB         117 kB
鈹?茠 /[locale]/dashboard                                    3.1 kB         133 kB
鈹?茠 /[locale]/login                                       2.17 kB         132 kB
鈹?茠 /[locale]/register                                    2.29 kB         132 kB
鈹?茠 /[locale]/resumes                                      3.4 kB         133 kB
鈹?茠 /[locale]/resumes/[id]/edit                           20.5 kB         150 kB
鈹?茠 /[locale]/resumes/[id]/patches                        3.35 kB         123 kB
鈹?茠 /[locale]/resumes/[id]/preview                         2.1 kB         116 kB
鈹?茠 /[locale]/resumes/new                                 2.11 kB         121 kB
鈹?茠 /[locale]/settings/agent                              2.88 kB         117 kB
鈹?茠 /[locale]/templates                                   3.36 kB         133 kB
鈹?茠 /[locale]/templates/[id]/edit                         3.05 kB         133 kB
鈹?茠 /[locale]/templates/[id]/preview                      1.54 kB         104 kB
鈹?茠 /[locale]/templates/new                                2.6 kB         132 kB
鈹?茠 /api/admin/resumes                                      237 B         102 kB
鈹?茠 /api/admin/templates                                    237 B         102 kB
鈹?茠 /api/admin/users                                        237 B         102 kB
鈹?茠 /api/agent/me                                           237 B         102 kB
鈹?茠 /api/agent/resumes                                      237 B         102 kB
鈹?茠 /api/agent/resumes/[id]                                 237 B         102 kB
鈹?茠 /api/agent/resumes/[id]/clone                           237 B         102 kB
鈹?茠 /api/agent/resumes/[id]/export/json                     237 B         102 kB
鈹?茠 /api/agent/resumes/[id]/export/markdown                 237 B         102 kB
鈹?茠 /api/agent/resumes/[id]/export/pdf                      237 B         102 kB
鈹?茠 /api/agent/resumes/[id]/patches                         237 B         102 kB
鈹?茠 /api/agent/resumes/[id]/patches/[patchId]               237 B         102 kB
鈹?茠 /api/agent/resumes/[id]/patches/[patchId]/apply         237 B         102 kB
鈹?茠 /api/agent/resumes/[id]/patches/[patchId]/reject        237 B         102 kB
鈹?茠 /api/agent/resumes/[id]/sections                        237 B         102 kB
鈹?茠 /api/agent/resumes/[id]/sections/[sectionKey]           237 B         102 kB
鈹?茠 /api/agent/resumes/[id]/versions                        237 B         102 kB
鈹?茠 /api/agent/resumes/[id]/versions/[versionId]/restore    237 B         102 kB
鈹?茠 /api/auth/login                                         237 B         102 kB
鈹?茠 /api/auth/logout                                        237 B         102 kB
鈹?茠 /api/auth/me                                            237 B         102 kB
鈹?茠 /api/auth/register                                      237 B         102 kB
鈹?茠 /api/render-preview                                     237 B         102 kB
鈹?茠 /api/resumes                                            237 B         102 kB
鈹?茠 /api/resumes/[id]                                       237 B         102 kB
鈹?茠 /api/resumes/[id]/duplicate                             237 B         102 kB
鈹?茠 /api/resumes/[id]/export/json                           237 B         102 kB
鈹?茠 /api/resumes/[id]/export/markdown                       237 B         102 kB
鈹?茠 /api/resumes/[id]/export/pdf                            237 B         102 kB
鈹?茠 /api/resumes/[id]/patches                               237 B         102 kB
鈹?茠 /api/resumes/[id]/patches/[patchId]/apply               237 B         102 kB
鈹?茠 /api/resumes/[id]/patches/[patchId]/reject              237 B         102 kB
鈹?茠 /api/resumes/[id]/template                              237 B         102 kB
鈹?茠 /api/resumes/import/json                                237 B         102 kB
鈹?茠 /api/settings/api-keys                                  237 B         102 kB
鈹?茠 /api/settings/api-keys/[id]                             237 B         102 kB
鈹?茠 /api/settings/api-keys/[id]/audit-logs                  237 B         102 kB
鈹?茠 /api/templates                                          237 B         102 kB
鈹?茠 /api/templates/[id]                                     237 B         102 kB
鈹?茠 /api/user-templates                                     237 B         102 kB
鈹?茠 /api/user-templates/[id]                                237 B         102 kB
鈹?茠 /api/user-templates/preview                             237 B         102 kB
+ First Load JS shared by all                              102 kB
  鈹?chunks/1255-5fe68596fe147850.js                         46 kB
  鈹?chunks/4bd1b696-f785427dddbba9fb.js                   54.2 kB
  鈹?other shared chunks (total)                              2 kB


茠 Middleware                                              46.6 kB

鈼? (Static)   prerendered as static content
茠  (Dynamic)  server-rendered on demand

