node.exe :  [33m[1m鈿?[22m[39m Invalid next.config.ts options detected: 
所在位置 行:1 字符: 1
+ & "E:\Program Files\nodejs/node.exe" "E:\Program Files\nodejs/node_mo ...
+ ~~~~~~~~~~~~~~~~~~~~~~~~~~~~~~~~~~~~~~~~~~~~~~~~~~~~~~~~~~~~~~~~~~~~~
    + CategoryInfo          : NotSpecified: ( [33m[1m鈿?[22...ions detected:  
   :String) [], RemoteException
    + FullyQualifiedErrorId : NativeCommandError
 
 [33m[1m鈿?[22m[39m     Unrecognized key(s) in object: 'devIndicator'
 [33m[1m鈿?[22m[39m See more info here: https://nextjs.org/docs/messages/inva
lid-next-config
